
> matchuji@0.1.0 dev
> next dev

[?25h
